// Jest Snapshot v1, https://goo.gl/fbAQLP

exports[`compile OR operator - CapabilityStatement.title | CodeSystem.title | ConceptMap.title | ImplementationGuide.title | MessageDefinition.title | OperationDefinition.title | StructureDefinition.title | StructureMap.title | TerminologyCapabilities.title | ValueSet.title 1`] = `
Object {
  "CapabilityStatement": Object {
    "title": Object {
      "compiled": Array [
        Object {
          "path": "title",
          "resourceType": "CapabilityStatement",
        },
      ],
      "description": "Multiple Resources...",
      "target": undefined,
      "type": "string",
    },
  },
  "CodeSystem": Object {
    "title": Object {
      "compiled": Array [
        Object {
          "path": "title",
          "resourceType": "CodeSystem",
        },
      ],
      "description": "Multiple Resources...",
      "target": undefined,
      "type": "string",
    },
  },
  "ConceptMap": Object {
    "title": Object {
      "compiled": Array [
        Object {
          "path": "title",
          "resourceType": "ConceptMap",
        },
      ],
      "description": "Multiple Resources...",
      "target": undefined,
      "type": "string",
    },
  },
  "ImplementationGuide": Object {
    "title": Object {
      "compiled": Array [
        Object {
          "path": "title",
          "resourceType": "ImplementationGuide",
        },
      ],
      "description": "Multiple Resources...",
      "target": undefined,
      "type": "string",
    },
  },
  "MessageDefinition": Object {
    "title": Object {
      "compiled": Array [
        Object {
          "path": "title",
          "resourceType": "MessageDefinition",
        },
      ],
      "description": "Multiple Resources...",
      "target": undefined,
      "type": "string",
    },
  },
  "OperationDefinition": Object {
    "title": Object {
      "compiled": Array [
        Object {
          "path": "title",
          "resourceType": "OperationDefinition",
        },
      ],
      "description": "Multiple Resources...",
      "target": undefined,
      "type": "string",
    },
  },
  "StructureDefinition": Object {
    "title": Object {
      "compiled": Array [
        Object {
          "path": "title",
          "resourceType": "StructureDefinition",
        },
      ],
      "description": "Multiple Resources...",
      "target": undefined,
      "type": "string",
    },
  },
  "StructureMap": Object {
    "title": Object {
      "compiled": Array [
        Object {
          "path": "title",
          "resourceType": "StructureMap",
        },
      ],
      "description": "Multiple Resources...",
      "target": undefined,
      "type": "string",
    },
  },
  "TerminologyCapabilities": Object {
    "title": Object {
      "compiled": Array [
        Object {
          "path": "title",
          "resourceType": "TerminologyCapabilities",
        },
      ],
      "description": "Multiple Resources...",
      "target": undefined,
      "type": "string",
    },
  },
  "ValueSet": Object {
    "title": Object {
      "compiled": Array [
        Object {
          "path": "title",
          "resourceType": "ValueSet",
        },
      ],
      "description": "Multiple Resources...",
      "target": undefined,
      "type": "string",
    },
  },
}
`;

exports[`compile OR operator with same base resource - (ExampleScenario.useContext.value as Quantity) | (ExampleScenario.useContext.value as Range) 1`] = `
Object {
  "ExampleScenario": Object {
    "context-quantity": Object {
      "compiled": Array [
        Object {
          "path": "useContext.valueQuantity",
          "resourceType": "ExampleScenario",
        },
        Object {
          "path": "useContext.valueRange",
          "resourceType": "ExampleScenario",
        },
      ],
      "description": "A quantity- or range-valued use context assigned to the example scenario",
      "target": undefined,
      "type": "quantity",
    },
  },
}
`;

exports[`compile as - (ConceptMap.source as uri) 1`] = `
Object {
  "ConceptMap": Object {
    "source-uri": Object {
      "compiled": Array [
        Object {
          "path": "sourceUri",
          "resourceType": "ConceptMap",
        },
      ],
      "description": "The source value set that contains the concepts that are being mapped",
      "target": Array [
        "ValueSet",
      ],
      "type": "reference",
    },
  },
}
`;

exports[`compile simple path - Patient.communication.language 1`] = `
Object {
  "Patient": Object {
    "language": Object {
      "compiled": Array [
        Object {
          "path": "communication.language",
          "resourceType": "Patient",
        },
      ],
      "description": "Language code (irrespective of use value)",
      "target": undefined,
      "type": "token",
    },
  },
}
`;

exports[`compile simple where - Library.relatedArtifact.where(type='predecessor').resource 1`] = `
Object {
  "Library": Object {
    "predecessor": Object {
      "compiled": Array [
        Object {
          "condition": Array [
            "relatedArtifact.type",
            "=",
            "predecessor",
          ],
          "path": "relatedArtifact.resource",
          "resourceType": "Library",
        },
      ],
      "description": "What resource is being referenced",
      "target": Array [
        "Account",
        "ActivityDefinition",
      ],
      "type": "reference",
    },
  },
}
`;

exports[`compile where with resolve() is - Person.link.target.where(resolve() is RelatedPerson) 1`] = `
Object {
  "Person": Object {
    "relatedperson": Object {
      "compiled": Array [
        Object {
          "condition": Array [
            "link.target",
            "resolve",
            "RelatedPerson",
          ],
          "path": "link.target",
          "resourceType": "Person",
        },
      ],
      "description": "The Person links to this RelatedPerson",
      "target": Array [
        "RelatedPerson",
      ],
      "type": "reference",
    },
  },
}
`;
